apps/api                                 |  WARN  The field "pnpm.onlyBuiltDependencies" was found in /home/gabe/Repositorios/Aetherium/apps/api/package.json. This will not take effect. You should configure "pnpm.onlyBuiltDependencies" at the root of the workspace instead.

> aetherium-api@0.0.1 test:e2e /home/gabe/Repositorios/Aetherium/apps/api
> vitest run --config vitest.config.e2e.ts src/infrastructure/http/controllers/characters/

The plugin "vite-tsconfig-paths" is detected. Vite now supports tsconfig paths resolution natively via the resolve.tsconfigPaths option. You can remove the plugin and set resolve.tsconfigPaths: true in your Vite config instead.
`esbuild` option is set to false, but `oxc` option was not set to false. `esbuild: false` does not have effect any more. If you want to disable the default transformation, which is now handled by Oxc, please set `oxc: false` instead.

 RUN  v4.1.9 /home/gabe/Repositorios/Aetherium/apps/api

stdout | src/infrastructure/http/controllers/characters/fetch-character-power-arrays.controller.e2e-spec.ts
◇ injected env (4) from .env // tip: ⌘ enable debugging { debug: true }
◇ injected env (0) from .env.test // tip: ⌘ custom filepath { path: '/custom/path/.env' }

Loaded Prisma config from prisma.config.ts.

Prisma schema loaded from prisma/schema.prisma.
 ❯ src/infrastructure/http/controllers/characters/fetch-character-power-arrays.controller.e2e-spec.ts (1 test | 1 failed) 2700ms
     × [GET] /characters/:id/power-arrays/full 21ms
stdout | src/infrastructure/http/controllers/characters/unequip-power-array.controller.e2e-spec.ts
◇ injected env (4) from .env // tip: ◈ encrypted .env [www.dotenvx.com]
◇ injected env (0) from .env.test // tip: ⌘ override existing { override: true }

Loaded Prisma config from prisma.config.ts.

Prisma schema loaded from prisma/schema.prisma.
 ❯ src/infrastructure/http/controllers/characters/unequip-power-array.controller.e2e-spec.ts (1 test | 1 skipped) 2744ms
     ↓ [PATCH] /characters/:id/power-arrays/:arrayId/unequip
stdout | src/infrastructure/http/controllers/characters/equip-power-array.controller.e2e-spec.ts
◇ injected env (4) from .env // tip: ◈ encrypted .env [www.dotenvx.com]
◇ injected env (0) from .env.test // tip: ◈ encrypted .env [www.dotenvx.com]

Loaded Prisma config from prisma.config.ts.

Prisma schema loaded from prisma/schema.prisma.
 ❯ src/infrastructure/http/controllers/characters/equip-power-array.controller.e2e-spec.ts (1 test | 1 skipped) 2692ms
     ↓ [PATCH] /characters/:id/power-arrays/:arrayId/equip
stdout | src/infrastructure/http/controllers/characters/delete-power-array-from-character.controller.e2e-spec.ts
◇ injected env (4) from .env // tip: ⌘ custom filepath { path: '/custom/path/.env' }
◇ injected env (0) from .env.test // tip: ⌘ custom filepath { path: '/custom/path/.env' }

Loaded Prisma config from prisma.config.ts.

Prisma schema loaded from prisma/schema.prisma.
 ❯ src/infrastructure/http/controllers/characters/delete-power-array-from-character.controller.e2e-spec.ts (1 test | 1 skipped) 2951ms
     ↓ [POST] /characters/:id/power-arrays/:powerArrayId/remove
stdout | src/infrastructure/http/controllers/characters/equip-power.controller.e2e-spec.ts
◇ injected env (4) from .env // tip: ⌘ suppress logs { quiet: true }
◇ injected env (0) from .env.test // tip: ⌘ override existing { override: true }

Loaded Prisma config from prisma.config.ts.

Prisma schema loaded from prisma/schema.prisma.
 ❯ src/infrastructure/http/controllers/characters/equip-power.controller.e2e-spec.ts (5 tests | 5 skipped) 2684ms
     ↓ [PATCH] /characters/:characterId/powers/:powerId/equip — should equip power and return 200
     ↓ [PATCH] /characters/:characterId/powers/:powerId/equip — should return 401 without token
     ↓ [PATCH] /characters/:characterId/powers/:powerId/equip — should return 404 for non-existent character
     ↓ [PATCH] /characters/:characterId/powers/:powerId/equip — should return 404 for non-existent power
     ↓ [PATCH] /characters/:characterId/powers/:powerId/equip — should return 403 for unauthorized user
stdout | src/infrastructure/http/controllers/characters/fetch-character-powers.controller.e2e-spec.ts
◇ injected env (4) from .env // tip: ⌘ custom filepath { path: '/custom/path/.env' }
◇ injected env (0) from .env.test // tip: ⌘ override existing { override: true }

Loaded Prisma config from prisma.config.ts.

Prisma schema loaded from prisma/schema.prisma.
 ❯ src/infrastructure/http/controllers/characters/fetch-character-powers.controller.e2e-spec.ts (1 test | 1 failed) 2974ms
     × [GET] /characters/:id/powers/full 19ms
stdout | src/infrastructure/http/controllers/characters/unequip-power.controller.e2e-spec.ts
◇ injected env (4) from .env // tip: ◈ secrets for agents [www.dotenvx.com]
◇ injected env (0) from .env.test // tip: ⌘ enable debugging { debug: true }

Loaded Prisma config from prisma.config.ts.

Prisma schema loaded from prisma/schema.prisma.
 ❯ src/infrastructure/http/controllers/characters/unequip-power.controller.e2e-spec.ts (6 tests | 6 skipped) 2640ms
     ↓ [PATCH] /characters/:characterId/powers/:powerId/unequip — should unequip power and return 200
     ↓ [PATCH] /characters/:characterId/powers/:powerId/unequip — should return 401 without token
     ↓ [PATCH] /characters/:characterId/powers/:powerId/unequip — should return 404 for non-existent character
     ↓ [PATCH] /characters/:characterId/powers/:powerId/unequip — should return 404 for non-existent power
     ↓ [PATCH] /characters/:characterId/powers/:powerId/unequip — should return 403 for unauthorized user
     ↓ [PATCH] /characters/:characterId/powers/:powerId/unequip — should unequip even if power was not equipped
stdout | src/infrastructure/http/controllers/characters/delete-power-from-character.controller.e2e-spec.ts
◇ injected env (4) from .env // tip: ⌘ suppress logs { quiet: true }
◇ injected env (0) from .env.test // tip: ⌘ override existing { override: true }

Loaded Prisma config from prisma.config.ts.

Prisma schema loaded from prisma/schema.prisma.
 ❯ src/infrastructure/http/controllers/characters/delete-power-from-character.controller.e2e-spec.ts (1 test | 1 skipped) 2591ms
     ↓ [POST] /characters/:id/powers/:powerId/remove
stdout | src/infrastructure/http/controllers/characters/acquire-power-array.controller.e2e-spec.ts
◇ injected env (4) from .env // tip: ⌘ suppress logs { quiet: true }
◇ injected env (0) from .env.test // tip: ⌘ override existing { override: true }

Loaded Prisma config from prisma.config.ts.

Prisma schema loaded from prisma/schema.prisma.
stdout | src/infrastructure/http/controllers/characters/acquire-power-array.controller.e2e-spec.ts > Power Array Character Controllers (e2e) > [POST] /characters/:characterId/power-arrays — should acquire power array and return 201
DEBUG: characterId: 569e0b30-a4ce-49ae-94d8-7934e0d7f3a3
DEBUG: powerArrayId: 370a5f49-ce63-4582-a2fd-891b2c945a0b

stdout | src/infrastructure/http/controllers/characters/acquire-power-array.controller.e2e-spec.ts > Power Array Character Controllers (e2e) > [POST] /characters/:characterId/power-arrays — should acquire power array and return 201
DEBUG: response status: 400
DEBUG: response body: {
  "message": "O personagem não possui a maestria no domínio necessário para este acervo.",
  "error": "Bad Request",
  "statusCode": 400
}

 ❯ src/infrastructure/http/controllers/characters/acquire-power-array.controller.e2e-spec.ts (8 tests | 3 failed) 2834ms
     × [POST] /characters/:characterId/power-arrays — should acquire power array and return 201 67ms
     ✓ [POST] /characters/:characterId/power-arrays — should return 401 without token 3ms
     ✓ [POST] /characters/:characterId/power-arrays — should return 400 with invalid powerArrayId 6ms
     × [PATCH] /characters/:characterId/power-arrays/:powerArrayId/equip — should equip power array and return 200 7ms
     ✓ [PATCH] /characters/:characterId/power-arrays/:powerArrayId/equip — should return 401 without token 2ms
     × [PATCH] /characters/:characterId/power-arrays/:powerArrayId/unequip — should unequip power array and return 200 7ms
     ✓ [PATCH] /characters/:characterId/power-arrays/:powerArrayId/unequip — should return 401 without token 2ms
     ✓ [PATCH] /characters/:characterId/power-arrays/:powerArrayId/unequip — should return 404 for non-existent power array 6ms
stdout | src/infrastructure/http/controllers/characters/acquire-domain-mastery.controller.e2e-spec.ts
◇ injected env (4) from .env // tip: ⌁ auth for agents [www.vestauth.com]
◇ injected env (0) from .env.test // tip: ◈ encrypted .env [www.dotenvx.com]

Loaded Prisma config from prisma.config.ts.

Prisma schema loaded from prisma/schema.prisma.
 ❯ src/infrastructure/http/controllers/characters/acquire-domain-mastery.controller.e2e-spec.ts (1 test | 1 failed) 2618ms
     × [POST] /characters/:id/domains 17ms
stdout | src/infrastructure/http/controllers/characters/acquire-power.controller.e2e-spec.ts
◇ injected env (4) from .env // tip: ⌁ auth for agents [www.vestauth.com]
◇ injected env (0) from .env.test // tip: ⌘ override existing { override: true }

Loaded Prisma config from prisma.config.ts.

Prisma schema loaded from prisma/schema.prisma.
stdout | src/infrastructure/http/controllers/characters/acquire-power.controller.e2e-spec.ts > AcquirePowerController (e2e) > [POST] /characters/:characterId/powers — should acquire power and return 201
DEBUG acquire power status: 400
DEBUG acquire power body: {
  "message": "O personagem não possui a maestria no domínio necessário para este poder.",
  "error": "Bad Request",
  "statusCode": 400
}

 ❯ src/infrastructure/http/controllers/characters/acquire-power.controller.e2e-spec.ts (5 tests | 1 failed) 2750ms
     × [POST] /characters/:characterId/powers — should acquire power and return 201 86ms
     ✓ [POST] /characters/:characterId/powers — should return 401 without token 3ms
     ✓ [POST] /characters/:characterId/powers — should return 400 with invalid powerId 4ms
     ✓ [POST] /characters/:characterId/powers — should return 400 when power does not exist 14ms
     ✓ [POST] /characters/:characterId/powers — should return 400 when character does not exist 8ms
stdout | src/infrastructure/http/controllers/characters/evolve-spiritual-principle.controller.e2e-spec.ts
◇ injected env (4) from .env // tip: ⌘ multiple files { path: ['.env.local', '.env'] }
◇ injected env (0) from .env.test // tip: ◈ secrets for agents [www.dotenvx.com]

Loaded Prisma config from prisma.config.ts.

Prisma schema loaded from prisma/schema.prisma.
 ✓ src/infrastructure/http/controllers/characters/evolve-spiritual-principle.controller.e2e-spec.ts (1 test) 2698ms
stdout | src/infrastructure/http/controllers/characters/create-character.controller.e2e-spec.ts
◇ injected env (4) from .env // tip: ◈ encrypted .env [www.dotenvx.com]
◇ injected env (0) from .env.test // tip: ⌁ auth for agents [www.vestauth.com]

Loaded Prisma config from prisma.config.ts.

Prisma schema loaded from prisma/schema.prisma.
 ✓ src/infrastructure/http/controllers/characters/create-character.controller.e2e-spec.ts (9 tests) 2637ms
stdout | src/infrastructure/http/controllers/characters/add-item-to-inventory.controller.e2e-spec.ts
◇ injected env (4) from .env // tip: ⌘ suppress logs { quiet: true }
◇ injected env (0) from .env.test // tip: ⌁ auth for agents [www.vestauth.com]

Loaded Prisma config from prisma.config.ts.

Prisma schema loaded from prisma/schema.prisma.
(node:73663) DeprecationWarning: Calling client.query() when the client is already executing a query is deprecated and will be removed in pg@9.0. Use async/await or an external async flow control mechanism instead.
(Use `node --trace-deprecation ...` to show where the warning was created)
 ✓ src/infrastructure/http/controllers/characters/add-item-to-inventory.controller.e2e-spec.ts (1 test) 2710ms
stdout | src/infrastructure/http/controllers/characters/sync-character.controller.e2e-spec.ts
◇ injected env (4) from .env // tip: ⌘ suppress logs { quiet: true }
◇ injected env (0) from .env.test // tip: ⌘ multiple files { path: ['.env.local', '.env'] }

Loaded Prisma config from prisma.config.ts.

Prisma schema loaded from prisma/schema.prisma.
 ✓ src/infrastructure/http/controllers/characters/sync-character.controller.e2e-spec.ts (5 tests) 2787ms
stdout | src/infrastructure/http/controllers/characters/upgrade-item.controller.e2e-spec.ts
◇ injected env (4) from .env // tip: ◈ encrypted .env [www.dotenvx.com]
◇ injected env (0) from .env.test // tip: ⌁ auth for agents [www.vestauth.com]

Loaded Prisma config from prisma.config.ts.

Prisma schema loaded from prisma/schema.prisma.
(node:73883) DeprecationWarning: Calling client.query() when the client is already executing a query is deprecated and will be removed in pg@9.0. Use async/await or an external async flow control mechanism instead.
(Use `node --trace-deprecation ...` to show where the warning was created)
 ✓ src/infrastructure/http/controllers/characters/upgrade-item.controller.e2e-spec.ts (1 test) 2939ms
stdout | src/infrastructure/http/controllers/characters/fetch-user-characters.controller.e2e-spec.ts
◇ injected env (4) from .env // tip: ⌘ suppress logs { quiet: true }
◇ injected env (0) from .env.test // tip: ⌘ enable debugging { debug: true }

Loaded Prisma config from prisma.config.ts.

Prisma schema loaded from prisma/schema.prisma.
 ✓ src/infrastructure/http/controllers/characters/fetch-user-characters.controller.e2e-spec.ts (4 tests) 2763ms
stdout | src/infrastructure/http/controllers/characters/equip-item.controller.e2e-spec.ts
◇ injected env (4) from .env // tip: ⌘ suppress logs { quiet: true }
◇ injected env (0) from .env.test // tip: ⌘ custom filepath { path: '/custom/path/.env' }

Loaded Prisma config from prisma.config.ts.

Prisma schema loaded from prisma/schema.prisma.
(node:74093) DeprecationWarning: Calling client.query() when the client is already executing a query is deprecated and will be removed in pg@9.0. Use async/await or an external async flow control mechanism instead.
(Use `node --trace-deprecation ...` to show where the warning was created)
 ✓ src/infrastructure/http/controllers/characters/equip-item.controller.e2e-spec.ts (1 test) 2685ms
stdout | src/infrastructure/http/controllers/characters/unequip-item.controller.e2e-spec.ts
◇ injected env (4) from .env // tip: ⌘ custom filepath { path: '/custom/path/.env' }
◇ injected env (0) from .env.test // tip: ⌘ custom filepath { path: '/custom/path/.env' }

Loaded Prisma config from prisma.config.ts.

Prisma schema loaded from prisma/schema.prisma.
(node:74174) DeprecationWarning: Calling client.query() when the client is already executing a query is deprecated and will be removed in pg@9.0. Use async/await or an external async flow control mechanism instead.
(Use `node --trace-deprecation ...` to show where the warning was created)
 ✓ src/infrastructure/http/controllers/characters/unequip-item.controller.e2e-spec.ts (1 test) 2818ms
stdout | src/infrastructure/http/controllers/characters/spend-runics.controller.e2e-spec.ts
◇ injected env (4) from .env // tip: ◈ encrypted .env [www.dotenvx.com]
◇ injected env (0) from .env.test // tip: ⌘ suppress logs { quiet: true }

Loaded Prisma config from prisma.config.ts.

Prisma schema loaded from prisma/schema.prisma.
 ✓ src/infrastructure/http/controllers/characters/spend-runics.controller.e2e-spec.ts (2 tests) 2757ms
stdout | src/infrastructure/http/controllers/characters/remove-from-inventory.controller.e2e-spec.ts
◇ injected env (4) from .env // tip: ⌘ suppress logs { quiet: true }
◇ injected env (0) from .env.test // tip: ◈ secrets for agents [www.dotenvx.com]

Loaded Prisma config from prisma.config.ts.

Prisma schema loaded from prisma/schema.prisma.
(node:74386) DeprecationWarning: Calling client.query() when the client is already executing a query is deprecated and will be removed in pg@9.0. Use async/await or an external async flow control mechanism instead.
(Use `node --trace-deprecation ...` to show where the warning was created)
 ✓ src/infrastructure/http/controllers/characters/remove-from-inventory.controller.e2e-spec.ts (1 test) 2727ms
stdout | src/infrastructure/http/controllers/characters/rest-character.controller.e2e-spec.ts
◇ injected env (4) from .env // tip: ⌘ suppress logs { quiet: true }
◇ injected env (0) from .env.test // tip: ◈ secrets for agents [www.dotenvx.com]

Loaded Prisma config from prisma.config.ts.

Prisma schema loaded from prisma/schema.prisma.
 ✓ src/infrastructure/http/controllers/characters/rest-character.controller.e2e-spec.ts (1 test) 3283ms
stdout | src/infrastructure/http/controllers/characters/unlock-spiritual-principle.controller.e2e-spec.ts
◇ injected env (4) from .env // tip: ⌘ enable debugging { debug: true }
◇ injected env (0) from .env.test // tip: ◈ secrets for agents [www.dotenvx.com]

Loaded Prisma config from prisma.config.ts.

Prisma schema loaded from prisma/schema.prisma.
 ✓ src/infrastructure/http/controllers/characters/unlock-spiritual-principle.controller.e2e-spec.ts (1 test) 2587ms
stdout | src/infrastructure/http/controllers/characters/tick-death-counter.controller.e2e-spec.ts
◇ injected env (4) from .env // tip: ⌘ multiple files { path: ['.env.local', '.env'] }
◇ injected env (0) from .env.test // tip: ⌘ enable debugging { debug: true }

Loaded Prisma config from prisma.config.ts.

Prisma schema loaded from prisma/schema.prisma.
 ✓ src/infrastructure/http/controllers/characters/tick-death-counter.controller.e2e-spec.ts (1 test) 2592ms
stdout | src/infrastructure/http/controllers/characters/delete-character.controller.e2e-spec.ts
◇ injected env (4) from .env // tip: ⌘ enable debugging { debug: true }
◇ injected env (0) from .env.test // tip: ⌘ suppress logs { quiet: true }

Loaded Prisma config from prisma.config.ts.

Prisma schema loaded from prisma/schema.prisma.
 ✓ src/infrastructure/http/controllers/characters/delete-character.controller.e2e-spec.ts (5 tests) 2817ms
stdout | src/infrastructure/http/controllers/characters/acquire-benefit.controller.e2e-spec.ts
◇ injected env (4) from .env // tip: ⌘ suppress logs { quiet: true }
◇ injected env (0) from .env.test // tip: ⌘ override existing { override: true }

Loaded Prisma config from prisma.config.ts.

Prisma schema loaded from prisma/schema.prisma.
 ✓ src/infrastructure/http/controllers/characters/acquire-benefit.controller.e2e-spec.ts (1 test) 2726ms
stdout | src/infrastructure/http/controllers/characters/get-character-by-id.controller.e2e-spec.ts
◇ injected env (4) from .env // tip: ⌘ suppress logs { quiet: true }
◇ injected env (0) from .env.test // tip: ◈ secrets for agents [www.dotenvx.com]

Loaded Prisma config from prisma.config.ts.

Prisma schema loaded from prisma/schema.prisma.
 ✓ src/infrastructure/http/controllers/characters/get-character-by-id.controller.e2e-spec.ts (4 tests) 2723ms
stdout | src/infrastructure/http/controllers/characters/fetch-character-items.controller.e2e-spec.ts
◇ injected env (4) from .env // tip: ⌘ multiple files { path: ['.env.local', '.env'] }
◇ injected env (0) from .env.test // tip: ◈ secrets for agents [www.dotenvx.com]

Loaded Prisma config from prisma.config.ts.

Prisma schema loaded from prisma/schema.prisma.
(node:75052) DeprecationWarning: Calling client.query() when the client is already executing a query is deprecated and will be removed in pg@9.0. Use async/await or an external async flow control mechanism instead.
(Use `node --trace-deprecation ...` to show where the warning was created)
 ✓ src/infrastructure/http/controllers/characters/fetch-character-items.controller.e2e-spec.ts (1 test) 2842ms
stdout | src/infrastructure/http/controllers/characters/level-up-character.controller.e2e-spec.ts
◇ injected env (4) from .env // tip: ⌘ override existing { override: true }
◇ injected env (0) from .env.test // tip: ⌘ multiple files { path: ['.env.local', '.env'] }

Loaded Prisma config from prisma.config.ts.

Prisma schema loaded from prisma/schema.prisma.
 ✓ src/infrastructure/http/controllers/characters/level-up-character.controller.e2e-spec.ts (1 test) 2574ms
stdout | src/infrastructure/http/controllers/characters/add-runics.controller.e2e-spec.ts
◇ injected env (4) from .env // tip: ◈ encrypted .env [www.dotenvx.com]
◇ injected env (0) from .env.test // tip: ⌘ suppress logs { quiet: true }

Loaded Prisma config from prisma.config.ts.

Prisma schema loaded from prisma/schema.prisma.
 ✓ src/infrastructure/http/controllers/characters/add-runics.controller.e2e-spec.ts (1 test) 2603ms

⎯⎯⎯⎯⎯⎯ Failed Suites 6 ⎯⎯⎯⎯⎯⎯⎯

 FAIL  src/infrastructure/http/controllers/characters/delete-power-array-from-character.controller.e2e-spec.ts > Delete Power Array From Character (e2e)
TypeError: Cannot read properties of undefined (reading '0')
 ❯ src/infrastructure/http/controllers/characters/delete-power-array-from-character.controller.e2e-spec.ts:119:36
    117|       .send({ powerArrayId: templateId });
    118|
    119|     arrayId = acquireResponse.body.powerArrays[0].powerArrayId;
       |                                    ^
    120|   });
    121|

⎯⎯⎯⎯⎯⎯⎯⎯⎯⎯⎯⎯⎯⎯⎯⎯⎯⎯⎯⎯⎯⎯⎯[1/13]⎯

 FAIL  src/infrastructure/http/controllers/characters/delete-power-from-character.controller.e2e-spec.ts > Delete Power From Character (e2e)
TypeError: Cannot read properties of undefined (reading '0')
 ❯ src/infrastructure/http/controllers/characters/delete-power-from-character.controller.e2e-spec.ts:101:36
     99|       .send({ powerId: templateId });
    100|
    101|     powerId = acquireResponse.body.powers[0].powerId;
       |                                    ^
    102|   });
    103|

⎯⎯⎯⎯⎯⎯⎯⎯⎯⎯⎯⎯⎯⎯⎯⎯⎯⎯⎯⎯⎯⎯⎯[2/13]⎯

 FAIL  src/infrastructure/http/controllers/characters/equip-power-array.controller.e2e-spec.ts > Equip Power Array (e2e)
Error: Acquisition failed: {"message":"O personagem não possui a maestria no domínio necessário para este acervo.","error":"Bad Request","statusCode":400}
 ❯ src/infrastructure/http/controllers/characters/equip-power-array.controller.e2e-spec.ts:120:13
    118|
    119|     if (!acquireResponse.body.powerArrays) {
    120|       throw new Error(`Acquisition failed: ${JSON.stringify(acquireRes…
       |             ^
    121|     }
    122|

⎯⎯⎯⎯⎯⎯⎯⎯⎯⎯⎯⎯⎯⎯⎯⎯⎯⎯⎯⎯⎯⎯⎯[3/13]⎯

 FAIL  src/infrastructure/http/controllers/characters/equip-power.controller.e2e-spec.ts > EquipPowerController (e2e)
TypeError: Cannot read properties of undefined (reading '0')
 ❯ src/infrastructure/http/controllers/characters/equip-power.controller.e2e-spec.ts:115:36
    113|       .send({ powerId });
    114|
    115|     powerId = acquireResponse.body.powers[0].powerId;
       |                                    ^
    116|   });
    117|

⎯⎯⎯⎯⎯⎯⎯⎯⎯⎯⎯⎯⎯⎯⎯⎯⎯⎯⎯⎯⎯⎯⎯[4/13]⎯

 FAIL  src/infrastructure/http/controllers/characters/unequip-power-array.controller.e2e-spec.ts > Unequip Power Array (e2e)
Error: Acquisition failed: {"message":"O personagem não possui a maestria no domínio necessário para este acervo.","error":"Bad Request","statusCode":400}
 ❯ src/infrastructure/http/controllers/characters/unequip-power-array.controller.e2e-spec.ts:120:13
    118|
    119|     if (!acquireResponse.body.powerArrays) {
    120|       throw new Error(`Acquisition failed: ${JSON.stringify(acquireRes…
       |             ^
    121|     }
    122|

⎯⎯⎯⎯⎯⎯⎯⎯⎯⎯⎯⎯⎯⎯⎯⎯⎯⎯⎯⎯⎯⎯⎯[5/13]⎯

 FAIL  src/infrastructure/http/controllers/characters/unequip-power.controller.e2e-spec.ts > UnequipPowerController (e2e)
TypeError: Cannot read properties of undefined (reading '0')
 ❯ src/infrastructure/http/controllers/characters/unequip-power.controller.e2e-spec.ts:115:36
    113|       .send({ powerId });
    114|
    115|     powerId = acquireResponse.body.powers[0].powerId;
       |                                    ^
    116|
    117|

⎯⎯⎯⎯⎯⎯⎯⎯⎯⎯⎯⎯⎯⎯⎯⎯⎯⎯⎯⎯⎯⎯⎯[6/13]⎯


⎯⎯⎯⎯⎯⎯⎯ Failed Tests 7 ⎯⎯⎯⎯⎯⎯⎯

 FAIL  src/infrastructure/http/controllers/characters/acquire-domain-mastery.controller.e2e-spec.ts > Acquire Domain Mastery (e2e) > [POST] /characters/:id/domains
AssertionError: expected 400 to be 201 // Object.is equality

- Expected
+ Received

- 201
+ 400

 ❯ src/infrastructure/http/controllers/characters/acquire-domain-mastery.controller.e2e-spec.ts:76:33
     74|       .send({ domainId: 'sagrado', masteryLevel: 'INICIANTE' });
     75|
     76|     expect(response.statusCode).toBe(201);
       |                                 ^
     77|     expect(response.body.domainMasteries).toContainEqual(expect.object…
     78|   });

⎯⎯⎯⎯⎯⎯⎯⎯⎯⎯⎯⎯⎯⎯⎯⎯⎯⎯⎯⎯⎯⎯⎯[7/13]⎯

 FAIL  src/infrastructure/http/controllers/characters/acquire-power-array.controller.e2e-spec.ts > Power Array Character Controllers (e2e) > [POST] /characters/:characterId/power-arrays — should acquire power array and return 201
AssertionError: expected 400 to be 201 // Object.is equality

- Expected
+ Received

- 201
+ 400

 ❯ src/infrastructure/http/controllers/characters/acquire-power-array.controller.e2e-spec.ts:154:33
    152|     console.log('DEBUG: response body:', JSON.stringify(response.body,…
    153|
    154|     expect(response.statusCode).toBe(201);
       |                                 ^
    155|     expect(response.body).toMatchObject({
    156|       id: characterId,

⎯⎯⎯⎯⎯⎯⎯⎯⎯⎯⎯⎯⎯⎯⎯⎯⎯⎯⎯⎯⎯⎯⎯[8/13]⎯

 FAIL  src/infrastructure/http/controllers/characters/acquire-power-array.controller.e2e-spec.ts > Power Array Character Controllers (e2e) > [PATCH] /characters/:characterId/power-arrays/:powerArrayId/equip — should equip power array and return 200
AssertionError: expected 404 to be 200 // Object.is equality

- Expected
+ Received

- 200
+ 404

 ❯ src/infrastructure/http/controllers/characters/acquire-power-array.controller.e2e-spec.ts:187:33
    185|       .send({ powerArrayId });
    186|
    187|     expect(response.statusCode).toBe(200);
       |                                 ^
    188|     expect(response.body).toMatchObject({
    189|       id: characterId,

⎯⎯⎯⎯⎯⎯⎯⎯⎯⎯⎯⎯⎯⎯⎯⎯⎯⎯⎯⎯⎯⎯⎯[9/13]⎯

 FAIL  src/infrastructure/http/controllers/characters/acquire-power-array.controller.e2e-spec.ts > Power Array Character Controllers (e2e) > [PATCH] /characters/:characterId/power-arrays/:powerArrayId/unequip — should unequip power array and return 200
AssertionError: expected 404 to be 200 // Object.is equality

- Expected
+ Received

- 200
+ 404

 ❯ src/infrastructure/http/controllers/characters/acquire-power-array.controller.e2e-spec.ts:208:33
    206|       .set('Authorization', `Bearer ${accessToken}`);
    207|
    208|     expect(response.statusCode).toBe(200);
       |                                 ^
    209|     expect(response.body).toMatchObject({
    210|       id: characterId,

⎯⎯⎯⎯⎯⎯⎯⎯⎯⎯⎯⎯⎯⎯⎯⎯⎯⎯⎯⎯⎯⎯[10/13]⎯

 FAIL  src/infrastructure/http/controllers/characters/acquire-power.controller.e2e-spec.ts > AcquirePowerController (e2e) > [POST] /characters/:characterId/powers — should acquire power and return 201
AssertionError: expected 400 to be 201 // Object.is equality

- Expected
+ Received

- 201
+ 400

 ❯ src/infrastructure/http/controllers/characters/acquire-power.controller.e2e-spec.ts:123:33
    121|     console.log('DEBUG acquire power body:', JSON.stringify(response.b…
    122|
    123|     expect(response.statusCode).toBe(201);
       |                                 ^
    124|     expect(response.body).toMatchObject({
    125|       id: characterId,

⎯⎯⎯⎯⎯⎯⎯⎯⎯⎯⎯⎯⎯⎯⎯⎯⎯⎯⎯⎯⎯⎯[11/13]⎯

 FAIL  src/infrastructure/http/controllers/characters/fetch-character-power-arrays.controller.e2e-spec.ts > Fetch Character Power Arrays (e2e) > [GET] /characters/:id/power-arrays/full
AssertionError: expected [] to have a length of 1 but got +0

- Expected
+ Received

- 1
+ 0

 ❯ src/infrastructure/http/controllers/characters/fetch-character-power-arrays.controller.e2e-spec.ts:130:39
    128|
    129|     expect(response.statusCode).toBe(200);
    130|     expect(response.body.powerArrays).toHaveLength(1);
       |                                       ^
    131|     expect(response.body.powerArrays[0].nome).toBe('Test Array');
    132|   });

⎯⎯⎯⎯⎯⎯⎯⎯⎯⎯⎯⎯⎯⎯⎯⎯⎯⎯⎯⎯⎯⎯[12/13]⎯

 FAIL  src/infrastructure/http/controllers/characters/fetch-character-powers.controller.e2e-spec.ts > Fetch Character Powers (e2e) > [GET] /characters/:id/powers/full
AssertionError: expected [] to have a length of 1 but got +0

- Expected
+ Received

- 1
+ 0

 ❯ src/infrastructure/http/controllers/characters/fetch-character-powers.controller.e2e-spec.ts:112:34
    110|
    111|     expect(response.statusCode).toBe(200);
    112|     expect(response.body.powers).toHaveLength(1);
       |                                  ^
    113|     expect(response.body.powers[0].nome).toBe('Test Power');
    114|   });

⎯⎯⎯⎯⎯⎯⎯⎯⎯⎯⎯⎯⎯⎯⎯⎯⎯⎯⎯⎯⎯⎯[13/13]⎯


 Test Files  11 failed | 19 passed (30)
      Tests  7 failed | 51 passed | 15 skipped (73)
   Start at  12:27:35
   Duration  109.58s (transform 1.88s, setup 3.62s, import 19.69s, tests 82.45s, environment 4ms)

/home/gabe/Repositorios/Aetherium/apps/api:
 ERR_PNPM_RECURSIVE_RUN_FIRST_FAIL  aetherium-api@0.0.1 test:e2e: `vitest run --config vitest.config.e2e.ts src/infrastructure/http/controllers/characters/`
Exit status 1
