apps/api                                 |  WARN  The field "pnpm.onlyBuiltDependencies" was found in /home/gabe/Repositorios/Aetherium/apps/api/package.json. This will not take effect. You should configure "pnpm.onlyBuiltDependencies" at the root of the workspace instead.

> aetherium-api@0.0.1 test:e2e /home/gabe/Repositorios/Aetherium/apps/api
> vitest run --config vitest.config.e2e.ts src/infrastructure/http/controllers/characters/acquire-domain-mastery.controller.e2e-spec.ts

The plugin "vite-tsconfig-paths" is detected. Vite now supports tsconfig paths resolution natively via the resolve.tsconfigPaths option. You can remove the plugin and set resolve.tsconfigPaths: true in your Vite config instead.
`esbuild` option is set to false, but `oxc` option was not set to false. `esbuild: false` does not have effect any more. If you want to disable the default transformation, which is now handled by Oxc, please set `oxc: false` instead.

 RUN  v4.1.9 /home/gabe/Repositorios/Aetherium/apps/api

stdout | src/infrastructure/http/controllers/characters/acquire-domain-mastery.controller.e2e-spec.ts
◇ injected env (4) from .env // tip: ⌁ auth for agents [www.vestauth.com]
◇ injected env (0) from .env.test // tip: ⌘ custom filepath { path: '/custom/path/.env' }

Loaded Prisma config from prisma.config.ts.

Prisma schema loaded from prisma/schema.prisma.
stdout | src/infrastructure/http/controllers/characters/acquire-domain-mastery.controller.e2e-spec.ts > Acquire Domain Mastery (e2e) > [POST] /characters/:id/domains
DEBUG acquire domain status: 400
DEBUG acquire domain body: {
  "message": "O domínio \"Sagrado\" é de natureza espiritual. Você precisa despertar seu Princípio Espiritual para adquiri-lo.",
  "error": "Bad Request",
  "statusCode": 400
}

 ❯ src/infrastructure/http/controllers/characters/acquire-domain-mastery.controller.e2e-spec.ts (1 test | 1 failed) 2795ms
     × [POST] /characters/:id/domains 26ms

⎯⎯⎯⎯⎯⎯⎯ Failed Tests 1 ⎯⎯⎯⎯⎯⎯⎯

 FAIL  src/infrastructure/http/controllers/characters/acquire-domain-mastery.controller.e2e-spec.ts > Acquire Domain Mastery (e2e) > [POST] /characters/:id/domains
AssertionError: expected 400 to be 201 // Object.is equality

- Expected
+ Received

- 201
+ 400

 ❯ src/infrastructure/http/controllers/characters/acquire-domain-mastery.controller.e2e-spec.ts:79:33
     77|     console.log('DEBUG acquire domain body:', JSON.stringify(response.…
     78|
     79|     expect(response.statusCode).toBe(201);
       |                                 ^
     80|     expect(response.body.domainMasteries).toContainEqual(expect.object…
     81|   });

⎯⎯⎯⎯⎯⎯⎯⎯⎯⎯⎯⎯⎯⎯⎯⎯⎯⎯⎯⎯⎯⎯⎯⎯[1/1]⎯


 Test Files  1 failed (1)
      Tests  1 failed (1)
   Start at  12:29:52
   Duration  4.92s (transform 1.24s, setup 172ms, import 1.82s, tests 2.79s, environment 0ms)

/home/gabe/Repositorios/Aetherium/apps/api:
 ERR_PNPM_RECURSIVE_RUN_FIRST_FAIL  aetherium-api@0.0.1 test:e2e: `vitest run --config vitest.config.e2e.ts src/infrastructure/http/controllers/characters/acquire-domain-mastery.controller.e2e-spec.ts`
Exit status 1
