apps/api                                 |  WARN  The field "pnpm.onlyBuiltDependencies" was found in /home/gabe/Repositorios/Aetherium/apps/api/package.json. This will not take effect. You should configure "pnpm.onlyBuiltDependencies" at the root of the workspace instead.

> aetherium-api@0.0.1 test:e2e /home/gabe/Repositorios/Aetherium/apps/api
> vitest run --config vitest.config.e2e.ts src/infrastructure/http/controllers/characters/fetch-character-power-arrays.controller.e2e-spec.ts

The plugin "vite-tsconfig-paths" is detected. Vite now supports tsconfig paths resolution natively via the resolve.tsconfigPaths option. You can remove the plugin and set resolve.tsconfigPaths: true in your Vite config instead.
`esbuild` option is set to false, but `oxc` option was not set to false. `esbuild: false` does not have effect any more. If you want to disable the default transformation, which is now handled by Oxc, please set `oxc: false` instead.

 RUN  v4.1.9 /home/gabe/Repositorios/Aetherium/apps/api

stdout | src/infrastructure/http/controllers/characters/fetch-character-power-arrays.controller.e2e-spec.ts
◇ injected env (4) from .env // tip: ⌘ suppress logs { quiet: true }
◇ injected env (0) from .env.test // tip: ⌘ suppress logs { quiet: true }

Loaded Prisma config from prisma.config.ts.

Prisma schema loaded from prisma/schema.prisma.
 ❯ src/infrastructure/http/controllers/characters/fetch-character-power-arrays.controller.e2e-spec.ts (1 test | 1 failed) 3323ms
     × [GET] /characters/:id/power-arrays/full 37ms

⎯⎯⎯⎯⎯⎯⎯ Failed Tests 1 ⎯⎯⎯⎯⎯⎯⎯

 FAIL  src/infrastructure/http/controllers/characters/fetch-character-power-arrays.controller.e2e-spec.ts > Fetch Character Power Arrays (e2e) > [GET] /characters/:id/power-arrays/full
AssertionError: expected [] to have a length of 1 but got +0

- Expected
+ Received

- 1
+ 0

 ❯ src/infrastructure/http/controllers/characters/fetch-character-power-arrays.controller.e2e-spec.ts:130:39
    128|
    129|     expect(response.statusCode).toBe(200);
    130|     expect(response.body.powerArrays).toHaveLength(1);
       |                                       ^
    131|     expect(response.body.powerArrays[0].nome).toBe('Test Array');
    132|   });

⎯⎯⎯⎯⎯⎯⎯⎯⎯⎯⎯⎯⎯⎯⎯⎯⎯⎯⎯⎯⎯⎯⎯⎯[1/1]⎯


 Test Files  1 failed (1)
      Tests  1 failed (1)
   Start at  12:24:43
   Duration  5.59s (transform 1.32s, setup 198ms, import 1.92s, tests 3.32s, environment 0ms)

/home/gabe/Repositorios/Aetherium/apps/api:
 ERR_PNPM_RECURSIVE_RUN_FIRST_FAIL  aetherium-api@0.0.1 test:e2e: `vitest run --config vitest.config.e2e.ts src/infrastructure/http/controllers/characters/fetch-character-power-arrays.controller.e2e-spec.ts`
Exit status 1
