apps/api                                 |  WARN  The field "pnpm.onlyBuiltDependencies" was found in /home/gabe/Repositorios/Aetherium/apps/api/package.json. This will not take effect. You should configure "pnpm.onlyBuiltDependencies" at the root of the workspace instead.

> aetherium-api@0.0.1 test:e2e /home/gabe/Repositorios/Aetherium/apps/api
> vitest run --config vitest.config.e2e.ts src/infrastructure/http/controllers/characters/acquire-power.controller.e2e-spec.ts

The plugin "vite-tsconfig-paths" is detected. Vite now supports tsconfig paths resolution natively via the resolve.tsconfigPaths option. You can remove the plugin and set resolve.tsconfigPaths: true in your Vite config instead.
`esbuild` option is set to false, but `oxc` option was not set to false. `esbuild: false` does not have effect any more. If you want to disable the default transformation, which is now handled by Oxc, please set `oxc: false` instead.

 RUN  v4.1.9 /home/gabe/Repositorios/Aetherium/apps/api

stdout | src/infrastructure/http/controllers/characters/acquire-power.controller.e2e-spec.ts
◇ injected env (4) from .env // tip: ⌘ custom filepath { path: '/custom/path/.env' }
◇ injected env (0) from .env.test // tip: ◈ secrets for agents [www.dotenvx.com]

Loaded Prisma config from prisma.config.ts.

Prisma schema loaded from prisma/schema.prisma.
stdout | src/infrastructure/http/controllers/characters/acquire-power.controller.e2e-spec.ts > AcquirePowerController (e2e) > [POST] /characters/:characterId/powers — should acquire power and return 201
DEBUG acquire power status: 400
DEBUG acquire power body: {
  "message": "O personagem não possui a maestria no domínio necessário para este poder.",
  "error": "Bad Request",
  "statusCode": 400
}

 ❯ src/infrastructure/http/controllers/characters/acquire-power.controller.e2e-spec.ts (5 tests | 1 failed) 2643ms
     × [POST] /characters/:characterId/powers — should acquire power and return 201 67ms
     ✓ [POST] /characters/:characterId/powers — should return 401 without token 3ms
     ✓ [POST] /characters/:characterId/powers — should return 400 with invalid powerId 6ms
     ✓ [POST] /characters/:characterId/powers — should return 400 when power does not exist 13ms
     ✓ [POST] /characters/:characterId/powers — should return 400 when character does not exist 6ms

⎯⎯⎯⎯⎯⎯⎯ Failed Tests 1 ⎯⎯⎯⎯⎯⎯⎯

 FAIL  src/infrastructure/http/controllers/characters/acquire-power.controller.e2e-spec.ts > AcquirePowerController (e2e) > [POST] /characters/:characterId/powers — should acquire power and return 201
AssertionError: expected 400 to be 201 // Object.is equality

- Expected
+ Received

- 201
+ 400

 ❯ src/infrastructure/http/controllers/characters/acquire-power.controller.e2e-spec.ts:123:33
    121|     console.log('DEBUG acquire power body:', JSON.stringify(response.b…
    122|
    123|     expect(response.statusCode).toBe(201);
       |                                 ^
    124|     expect(response.body).toMatchObject({
    125|       id: characterId,

⎯⎯⎯⎯⎯⎯⎯⎯⎯⎯⎯⎯⎯⎯⎯⎯⎯⎯⎯⎯⎯⎯⎯⎯[1/1]⎯


 Test Files  1 failed (1)
      Tests  1 failed | 4 passed (5)
   Start at  12:26:57
   Duration  4.83s (transform 1.27s, setup 171ms, import 1.88s, tests 2.64s, environment 0ms)

/home/gabe/Repositorios/Aetherium/apps/api:
 ERR_PNPM_RECURSIVE_RUN_FIRST_FAIL  aetherium-api@0.0.1 test:e2e: `vitest run --config vitest.config.e2e.ts src/infrastructure/http/controllers/characters/acquire-power.controller.e2e-spec.ts`
Exit status 1
