apps/api                                 |  WARN  The field "pnpm.onlyBuiltDependencies" was found in /home/gabe/Repositorios/Aetherium/apps/api/package.json. This will not take effect. You should configure "pnpm.onlyBuiltDependencies" at the root of the workspace instead.

> aetherium-api@0.0.1 test:e2e /home/gabe/Repositorios/Aetherium/apps/api
> vitest run --config vitest.config.e2e.ts src/infrastructure/http/controllers/characters/acquire-power-array.controller.e2e-spec.ts

The plugin "vite-tsconfig-paths" is detected. Vite now supports tsconfig paths resolution natively via the resolve.tsconfigPaths option. You can remove the plugin and set resolve.tsconfigPaths: true in your Vite config instead.
`esbuild` option is set to false, but `oxc` option was not set to false. `esbuild: false` does not have effect any more. If you want to disable the default transformation, which is now handled by Oxc, please set `oxc: false` instead.

 RUN  v4.1.9 /home/gabe/Repositorios/Aetherium/apps/api

stdout | src/infrastructure/http/controllers/characters/acquire-power-array.controller.e2e-spec.ts
◇ injected env (4) from .env // tip: ⌁ auth for agents [www.vestauth.com]
◇ injected env (0) from .env.test // tip: ◈ secrets for agents [www.dotenvx.com]

Loaded Prisma config from prisma.config.ts.

Prisma schema loaded from prisma/schema.prisma.
stdout | src/infrastructure/http/controllers/characters/acquire-power-array.controller.e2e-spec.ts > Power Array Character Controllers (e2e) > [POST] /characters/:characterId/power-arrays — should acquire power array and return 201
DEBUG: characterId: 481ea586-0ac2-4e2c-8e4e-dafd005ee30f
DEBUG: powerArrayId: 5d4578fd-6788-4f0c-ba43-1dfe16679b43

stdout | src/infrastructure/http/controllers/characters/acquire-power-array.controller.e2e-spec.ts > Power Array Character Controllers (e2e) > [POST] /characters/:characterId/power-arrays — should acquire power array and return 201
DEBUG: response status: 400
DEBUG: response body: {
  "message": "O personagem não possui a maestria no domínio necessário para este acervo.",
  "error": "Bad Request",
  "statusCode": 400
}

 ❯ src/infrastructure/http/controllers/characters/acquire-power-array.controller.e2e-spec.ts (8 tests | 3 failed) 2951ms
     × [POST] /characters/:characterId/power-arrays — should acquire power array and return 201 87ms
     ✓ [POST] /characters/:characterId/power-arrays — should return 401 without token 5ms
     ✓ [POST] /characters/:characterId/power-arrays — should return 400 with invalid powerArrayId 8ms
     × [PATCH] /characters/:characterId/power-arrays/:powerArrayId/equip — should equip power array and return 200 9ms
     ✓ [PATCH] /characters/:characterId/power-arrays/:powerArrayId/equip — should return 401 without token 2ms
     × [PATCH] /characters/:characterId/power-arrays/:powerArrayId/unequip — should unequip power array and return 200 7ms
     ✓ [PATCH] /characters/:characterId/power-arrays/:powerArrayId/unequip — should return 401 without token 2ms
     ✓ [PATCH] /characters/:characterId/power-arrays/:powerArrayId/unequip — should return 404 for non-existent power array 6ms

⎯⎯⎯⎯⎯⎯⎯ Failed Tests 3 ⎯⎯⎯⎯⎯⎯⎯

 FAIL  src/infrastructure/http/controllers/characters/acquire-power-array.controller.e2e-spec.ts > Power Array Character Controllers (e2e) > [POST] /characters/:characterId/power-arrays — should acquire power array and return 201
AssertionError: expected 400 to be 201 // Object.is equality

- Expected
+ Received

- 201
+ 400

 ❯ src/infrastructure/http/controllers/characters/acquire-power-array.controller.e2e-spec.ts:154:33
    152|     console.log('DEBUG: response body:', JSON.stringify(response.body,…
    153|
    154|     expect(response.statusCode).toBe(201);
       |                                 ^
    155|     expect(response.body).toMatchObject({
    156|       id: characterId,

⎯⎯⎯⎯⎯⎯⎯⎯⎯⎯⎯⎯⎯⎯⎯⎯⎯⎯⎯⎯⎯⎯⎯⎯[1/3]⎯

 FAIL  src/infrastructure/http/controllers/characters/acquire-power-array.controller.e2e-spec.ts > Power Array Character Controllers (e2e) > [PATCH] /characters/:characterId/power-arrays/:powerArrayId/equip — should equip power array and return 200
AssertionError: expected 404 to be 200 // Object.is equality

- Expected
+ Received

- 200
+ 404

 ❯ src/infrastructure/http/controllers/characters/acquire-power-array.controller.e2e-spec.ts:187:33
    185|       .send({ powerArrayId });
    186|
    187|     expect(response.statusCode).toBe(200);
       |                                 ^
    188|     expect(response.body).toMatchObject({
    189|       id: characterId,

⎯⎯⎯⎯⎯⎯⎯⎯⎯⎯⎯⎯⎯⎯⎯⎯⎯⎯⎯⎯⎯⎯⎯⎯[2/3]⎯

 FAIL  src/infrastructure/http/controllers/characters/acquire-power-array.controller.e2e-spec.ts > Power Array Character Controllers (e2e) > [PATCH] /characters/:characterId/power-arrays/:powerArrayId/unequip — should unequip power array and return 200
AssertionError: expected 404 to be 200 // Object.is equality

- Expected
+ Received

- 200
+ 404

 ❯ src/infrastructure/http/controllers/characters/acquire-power-array.controller.e2e-spec.ts:208:33
    206|       .set('Authorization', `Bearer ${accessToken}`);
    207|
    208|     expect(response.statusCode).toBe(200);
       |                                 ^
    209|     expect(response.body).toMatchObject({
    210|       id: characterId,

⎯⎯⎯⎯⎯⎯⎯⎯⎯⎯⎯⎯⎯⎯⎯⎯⎯⎯⎯⎯⎯⎯⎯⎯[3/3]⎯


 Test Files  1 failed (1)
      Tests  3 failed | 5 passed (8)
   Start at  12:26:11
   Duration  5.42s (transform 1.31s, setup 348ms, import 1.93s, tests 2.95s, environment 0ms)

/home/gabe/Repositorios/Aetherium/apps/api:
 ERR_PNPM_RECURSIVE_RUN_FIRST_FAIL  aetherium-api@0.0.1 test:e2e: `vitest run --config vitest.config.e2e.ts src/infrastructure/http/controllers/characters/acquire-power-array.controller.e2e-spec.ts`
Exit status 1
